2025-11-25 18:49:15.789 [info] Extension host with pid 5749 started
2025-11-25 18:49:15.789 [info] Skipping acquiring lock for /home/shrek/.config/Code - OSS/User/workspaceStorage/94f332948bdacffab5ae317842bd78d1.
2025-11-25 18:49:15.824 [info] ExtensionService#_doActivateExtension vscode.github-authentication, startup: false, activationEvent: 'onAuthenticationRequest:github'
2025-11-25 18:49:15.847 [info] ExtensionService#_doActivateExtension vscode.emmet, startup: false, activationEvent: 'onLanguage'
2025-11-25 18:49:15.891 [info] ExtensionService#_doActivateExtension vscode.git-base, startup: true, activationEvent: '*', root cause: vscode.git
2025-11-25 18:49:15.896 [info] ExtensionService#_doActivateExtension vscode.git, startup: true, activationEvent: '*'
2025-11-25 18:49:15.940 [info] ExtensionService#_doActivateExtension vscode.github, startup: true, activationEvent: '*'
2025-11-25 18:49:16.028 [info] Eager extensions activated
2025-11-25 18:49:16.041 [info] ExtensionService#_doActivateExtension vscode.debug-auto-launch, startup: false, activationEvent: 'onStartupFinished'
2025-11-25 18:49:16.043 [info] ExtensionService#_doActivateExtension vscode.merge-conflict, startup: false, activationEvent: 'onStartupFinished'
2025-11-25 18:49:16.050 [info] Extension host with pid 5809 started
2025-11-25 18:49:16.050 [info] Skipping acquiring lock for /home/shrek/.config/Code - OSS/User/workspaceStorage/94f332948bdacffab5ae317842bd78d1.
2025-11-25 18:49:16.056 [info] Eager extensions activated
2025-11-25 18:49:16.058 [info] ExtensionService#_doActivateExtension asvetliakov.vscode-neovim, startup: false, activationEvent: 'onStartupFinished'
2025-11-25 19:33:06.325 [info] Extension host terminating: renderer closed the MessagePort
2025-11-25 19:33:06.331 [warning] ExtHostTextEditorOptions 'setCursorStyle' failed:'
2025-11-25 19:33:06.331 [info] Extension host terminating: renderer closed the MessagePort
2025-11-25 19:33:06.333 [warning] Canceled
2025-11-25 19:33:06.333 [info] Extension host with pid 5809 exiting with code 0
2025-11-25 19:33:06.335 [info] Extension host with pid 5749 exiting with code 0
