2025-12-04 14:12:53.191 [info] [main] Log level: Info
2025-12-04 14:12:53.191 [info] [main] Validating found git in: "git"
2025-12-04 14:12:53.191 [info] [main] Using git "2.52.0" from "git"
2025-12-04 14:12:53.191 [info] [Model][doInitialScan] Initial repository scan started
2025-12-04 14:12:53.191 [info] > git rev-parse --show-toplevel [3ms]
2025-12-04 14:12:53.191 [info] fatal: not a git repository (or any parent up to mount point /)
Stopping at filesystem boundary (GIT_DISCOVERY_ACROSS_FILESYSTEM not set).
2025-12-04 14:12:53.191 [info] > git rev-parse --show-toplevel [4ms]
2025-12-04 14:12:53.191 [info] fatal: not a git repository (or any parent up to mount point /)
Stopping at filesystem boundary (GIT_DISCOVERY_ACROSS_FILESYSTEM not set).
2025-12-04 14:12:53.192 [info] > git rev-parse --show-toplevel [6ms]
2025-12-04 14:12:53.192 [info] fatal: not a git repository (or any parent up to mount point /)
Stopping at filesystem boundary (GIT_DISCOVERY_ACROSS_FILESYSTEM not set).
2025-12-04 14:12:53.192 [info] [Model][doInitialScan] Initial repository scan completed - repositories (0), closed repositories (0), parent repositories (0), unsafe repositories (0)
2025-12-04 14:12:53.196 [info] > git rev-parse --show-toplevel [0ms]
2025-12-04 14:12:53.196 [info] fatal: not a git repository (or any parent up to mount point /)
Stopping at filesystem boundary (GIT_DISCOVERY_ACROSS_FILESYSTEM not set).
2025-12-04 14:12:54.991 [info] > git rev-parse --show-toplevel [1ms]
2025-12-04 14:12:54.991 [info] fatal: not a git repository (or any parent up to mount point /)
Stopping at filesystem boundary (GIT_DISCOVERY_ACROSS_FILESYSTEM not set).
2025-12-04 14:14:39.975 [info] > git rev-parse --show-toplevel [1ms]
2025-12-04 14:14:39.975 [info] fatal: not a git repository (or any parent up to mount point /)
Stopping at filesystem boundary (GIT_DISCOVERY_ACROSS_FILESYSTEM not set).
2025-12-04 14:15:14.046 [info] > git rev-parse --show-toplevel [0ms]
2025-12-04 14:15:14.046 [info] fatal: not a git repository (or any parent up to mount point /)
Stopping at filesystem boundary (GIT_DISCOVERY_ACROSS_FILESYSTEM not set).
2025-12-04 14:15:16.088 [info] > git rev-parse --show-toplevel [0ms]
2025-12-04 14:15:16.089 [info] fatal: not a git repository (or any parent up to mount point /)
Stopping at filesystem boundary (GIT_DISCOVERY_ACROSS_FILESYSTEM not set).
2025-12-04 14:15:25.957 [info] > git rev-parse --show-toplevel [1ms]
2025-12-04 14:15:25.957 [info] fatal: not a git repository (or any parent up to mount point /)
Stopping at filesystem boundary (GIT_DISCOVERY_ACROSS_FILESYSTEM not set).
2025-12-04 14:15:27.871 [info] > git rev-parse --show-toplevel [1ms]
2025-12-04 14:15:27.871 [info] fatal: not a git repository (or any parent up to mount point /)
Stopping at filesystem boundary (GIT_DISCOVERY_ACROSS_FILESYSTEM not set).
2025-12-04 14:15:31.683 [info] > git rev-parse --show-toplevel [1ms]
2025-12-04 14:15:31.683 [info] fatal: not a git repository (or any parent up to mount point /)
Stopping at filesystem boundary (GIT_DISCOVERY_ACROSS_FILESYSTEM not set).
2025-12-04 14:31:49.052 [info] > git rev-parse --show-toplevel [1ms]
2025-12-04 14:31:49.052 [info] fatal: not a git repository (or any parent up to mount point /)
Stopping at filesystem boundary (GIT_DISCOVERY_ACROSS_FILESYSTEM not set).
2025-12-04 14:31:54.187 [info] > git rev-parse --show-toplevel [1ms]
2025-12-04 14:31:54.187 [info] fatal: not a git repository (or any parent up to mount point /)
Stopping at filesystem boundary (GIT_DISCOVERY_ACROSS_FILESYSTEM not set).
