2026-02-06 18:03:19 Arduino IDE 2.3.7
2026-02-06 18:03:19 Checking for frontend application configuration customizations. Module path: /opt/arduino-ide/resources/app/lib/backend/electron-main.js, destination 'package.json': /opt/arduino-ide/resources/app/package.json
2026-02-06 18:03:19 Setting 'theia.frontend.config.appVersion' application configuration value to: "2.3.7" (type of string)
2026-02-06 18:03:19 Setting 'theia.frontend.config.cliVersion' application configuration value to: "1.3.1" (type of string)
2026-02-06 18:03:19 Setting 'theia.frontend.config.buildDate' application configuration value to: "2025-12-17T16:01:58.874Z" (type of string)
2026-02-06 18:03:19 Frontend application configuration after modifications: {"applicationName":"Arduino IDE","defaultTheme":{"light":"arduino-theme","dark":"arduino-theme-dark"},"defaultIconTheme":"none","electron":{"windowOptions":{},"showWindowEarly":true,"splashScreenOptions":{},"uriScheme":"arduino-ide"},"defaultLocale":"","validatePreferencesSchema":false,"reloadOnReconnect":true,"uriScheme":"theia","preferences":{"window.title":"${rootName}${activeEditorShort}${appName}","files.autoSave":"afterDelay","editor.minimap.enabled":false,"editor.tabSize":2,"editor.scrollBeyondLastLine":false,"editor.quickSuggestions":{"other":false,"comments":false,"strings":false},"editor.maxTokenizationLineLength":500,"editor.bracketPairColorization.enabled":false,"breadcrumbs.enabled":false,"workbench.tree.renderIndentGuides":"none","explorer.compactFolders":false},"appVersion":"2.3.7","cliVersion":"1.3.1","buildDate":"2025-12-17T16:01:58.874Z"}
2026-02-06 18:03:19 Starting backend process. PID: 1514
2026-02-06 18:03:19 Showing main window early
2026-02-06 18:03:19 Using browser-only version of superagent in non-browser environment
2026-02-06 18:03:19 Configuration directory URI: 'file:///home/shrek/.arduinoIDE'
2026-02-06 18:03:19 Configuring to accept webviews on '^.+\.webview\..+$' hostname.
2026-02-06 18:03:19 2026-02-06T18:03:19.657Z root INFO Backend u.initialize: 17.3 ms [Finished 0.371 s after backend start]
2026-02-06 18:03:19 2026-02-06T18:03:19.658Z root INFO Backend Object.initialize: 16.4 ms [Finished 0.371 s after backend start]
2026-02-06 18:03:19 2026-02-06T18:03:19.658Z root INFO Backend a.initialize: 0.7 ms [Finished 0.371 s after backend start]
2026-02-06 18:03:19 2026-02-06T18:03:19.658Z root INFO Backend a.initialize: 0.5 ms [Finished 0.371 s after backend start]
2026-02-06 18:03:19 2026-02-06T18:03:19.658Z root INFO Backend u.initialize: 0.7 ms [Finished 0.371 s after backend start]
2026-02-06 18:03:19 2026-02-06T18:03:19.660Z root INFO Backend l.initialize: 17.1 ms [Finished 0.372 s after backend start]
2026-02-06 18:03:19 2026-02-06T18:03:19.664Z root INFO configured all backend app contributions
2026-02-06 18:03:19 2026-02-06T18:03:19.664Z root INFO Backend l.onStart: 0.8 ms [Finished 0.379 s after backend start]
2026-02-06 18:03:19 2026-02-06T18:03:19.664Z root INFO Backend d.onStart: 0.0 ms [Finished 0.379 s after backend start]
2026-02-06 18:03:19 2026-02-06T18:03:19.664Z root INFO Backend a.onStart: 0.2 ms [Finished 0.379 s after backend start]
2026-02-06 18:03:19 2026-02-06T18:03:19.664Z config INFO >>> Initializing CLI configuration...
2026-02-06 18:03:19 2026-02-06T18:03:19.664Z root INFO Backend x.onStart: 0.2 ms [Finished 0.379 s after backend start]
2026-02-06 18:03:19 2026-02-06T18:03:19.664Z config INFO Loading CLI configuration from /home/shrek/.arduinoIDE/arduino-cli.yaml...
2026-02-06 18:03:19 2026-02-06T18:03:19.665Z daemon INFO Starting daemon from /opt/arduino-ide/resources/app/lib/backend/resources/arduino-cli...
2026-02-06 18:03:19 2026-02-06T18:03:19.665Z root INFO Backend w.onStart: 0.2 ms [Finished 0.380 s after backend start]
2026-02-06 18:03:19 2026-02-06T18:03:19.665Z discovery-log INFO start
2026-02-06 18:03:19 2026-02-06T18:03:19.665Z discovery-log INFO start new deferred
2026-02-06 18:03:19 2026-02-06T18:03:19.665Z root INFO Backend v.onStart: 0.1 ms [Finished 0.380 s after backend start]
2026-02-06 18:03:19 2026-02-06T18:03:19.665Z root INFO Backend a.onStart: 0.1 ms [Finished 0.380 s after backend start]
2026-02-06 18:03:19 2026-02-06T18:03:19.667Z root INFO Theia app listening on http://127.0.0.1:35555.
2026-02-06 18:03:19 2026-02-06T18:03:19.667Z root INFO Finished starting backend application: 2.2 ms [Finished 0.382 s after backend start]
2026-02-06 18:03:19 Restoring workspace roots: /home/shrek/Arduino/AndroidCnct/test1
2026-02-06 18:03:19 2026-02-06T18:03:19.667Z root WARN The local plugin referenced by local-dir:/home/shrek/.arduinoIDE/plugins does not exist.
2026-02-06 18:03:19 2026-02-06T18:03:19.667Z root WARN The local plugin referenced by local-dir:/home/shrek/.arduinoIDE/deployedPlugins does not exist.
2026-02-06 18:03:19 isTempSketch: false. Input was /home/shrek/Arduino/AndroidCnct/test1/test1.ino
2026-02-06 18:03:19 2026-02-06T18:03:19.674Z config INFO Loaded CLI configuration: {"board_manager":{"additional_urls":["https://raw.githubusercontent.com/espressif/arduino-esp32/gh-pages/package_esp32_index.json"]},"directories":{"builtin":{"libraries":"/home/shrek/.arduino15/libraries"},"data":"/home/shrek/.arduino15","user":"/home/shrek/Arduino"},"locale":"en"}
2026-02-06 18:03:19 2026-02-06T18:03:19.674Z config INFO 'directories.data' and 'directories.user' are set in the CLI configuration model.
2026-02-06 18:03:19 2026-02-06T18:03:19.674Z config INFO Loaded the CLI configuration.
2026-02-06 18:03:19 2026-02-06T18:03:19.675Z config INFO Mapped the CLI configuration: {"dataDirUri":"file:///home/shrek/.arduino15","sketchDirUri":"file:///home/shrek/Arduino","additionalUrls":["https://raw.githubusercontent.com/espressif/arduino-esp32/gh-pages/package_esp32_index.json"],"network":"none","locale":"en"}
2026-02-06 18:03:19 2026-02-06T18:03:19.675Z config INFO Validating the CLI configuration...
2026-02-06 18:03:19 2026-02-06T18:03:19.675Z config INFO The CLI config is valid.
2026-02-06 18:03:19 2026-02-06T18:03:19.675Z config INFO <<< Initialized the CLI configuration.
2026-02-06 18:03:19 2026-02-06T18:03:19.700Z root INFO Resolve plugins list: 34.3 ms [Finished 0.415 s after backend start]
2026-02-06 18:03:19 2026-02-06T18:03:19.744Z daemon INFO time="2026-02-06T18:03:19Z" level=info msg="arduino-cli version 1.3.1"
2026-02-06 18:03:19 2026-02-06T18:03:19.744Z daemon INFO time="2026-02-06T18:03:19Z" level=info msg="Using config file: /home/shrek/.arduinoIDE/arduino-cli.yaml"
time="2026-02-06T18:03:19Z" level=info msg="Executing `arduino-cli daemon`"
2026-02-06 18:03:19 2026-02-06T18:03:19.753Z daemon INFO Daemon is now listening on 127.0.0.1:33161
{"IP":"127.0.0.1","Port":"33161"}
2026-02-06 18:03:19 2026-02-06T18:03:19.753Z daemon INFO Daemon is running.
2026-02-06 18:03:19 2026-02-06T18:03:19.803Z daemon INFO time="2026-02-06T18:03:19Z" level=info msg="Checking signature" index=/home/shrek/.arduino15/package_index.json signatureFile=/home/shrek/.arduino15/package_index.json.sig trusted=true
time="2026-02-06T18:03:19Z" level=info msg="Missing signature file" index=/home/shrek/.arduino15/package_esp32_index.json
time="2026-02-06T18:03:19Z" level=info msg="Loading hardware from: /home/shrek/.arduino15/packages"
time="2026-02-06T18:03:19Z" level=info msg="Loading package arduino from: /home/shrek/.arduino15/packages/arduino/hardware"
time="2026-02-06T18:03:19Z" level=info msg="Missing signature file" index=/home/shrek/.arduino15/packages/arduino/hardware/avr/1.8.7/installed.json
2026-02-06 18:03:19 2026-02-06T18:03:19.804Z daemon INFO time="2026-02-06T18:03:19Z" level=info msg="Adding monitor tool" protocol=serial tool="builtin:serial-monitor"
time="2026-02-06T18:03:19Z" level=info msg="Loaded platform" platform="arduino:avr@1.8.7"
time="2026-02-06T18:03:19Z" level=info msg="Checking existence of 'tools' path: /home/shrek/.arduino15/packages/arduino/tools"
time="2026-02-06T18:03:19Z" level=info msg="Loading tools from dir: /home/shrek/.arduino15/packages/arduino/tools"
2026-02-06 18:03:19 2026-02-06T18:03:19.805Z daemon INFO time="2026-02-06T18:03:19Z" level=info msg="Loaded tool" tool="arduino:arduinoOTA@1.3.0"
2026-02-06 18:03:19 2026-02-06T18:03:19.806Z daemon INFO time="2026-02-06T18:03:19Z" level=info msg="Loaded tool" tool="arduino:avr-gcc@7.3.0-atmel3.6.1-arduino7"
2026-02-06 18:03:19 2026-02-06T18:03:19.807Z daemon INFO time="2026-02-06T18:03:19Z" level=info msg="Loaded tool" tool="arduino:avrdude@8.0.0-arduino1"
2026-02-06 18:03:19 2026-02-06T18:03:19.807Z daemon INFO time="2026-02-06T18:03:19Z" level=info msg="Loaded tool" tool="arduino:dfu-util@0.11.0-arduino5"
2026-02-06 18:03:19 2026-02-06T18:03:19.808Z daemon INFO time="2026-02-06T18:03:19Z" level=info msg="Loading package builtin from: /home/shrek/.arduino15/packages/builtin"
2026-02-06 18:03:19 2026-02-06T18:03:19.808Z daemon INFO time="2026-02-06T18:03:19Z" level=info msg="Checking existence of 'tools' path: /home/shrek/.arduino15/packages/builtin/tools"
time="2026-02-06T18:03:19Z" level=info msg="Loading tools from dir: /home/shrek/.arduino15/packages/builtin/tools"
2026-02-06 18:03:19 2026-02-06T18:03:19.808Z daemon INFO time="2026-02-06T18:03:19Z" level=info msg="Loaded tool" tool="builtin:ctags@5.8-arduino11"
2026-02-06 18:03:19 2026-02-06T18:03:19.808Z daemon INFO time="2026-02-06T18:03:19Z" level=info msg="Loaded tool" tool="builtin:dfu-discovery@0.1.2"
2026-02-06 18:03:19 2026-02-06T18:03:19.809Z daemon INFO time="2026-02-06T18:03:19Z" level=info msg="Loaded tool" tool="builtin:mdns-discovery@1.0.12"
2026-02-06 18:03:19 2026-02-06T18:03:19.809Z daemon INFO time="2026-02-06T18:03:19Z" level=info msg="Loaded tool" tool="builtin:serial-discovery@1.4.3"
2026-02-06 18:03:19 2026-02-06T18:03:19.809Z daemon INFO time="2026-02-06T18:03:19Z" level=info msg="Loaded tool" tool="builtin:serial-monitor@0.15.0"
2026-02-06 18:03:19 2026-02-06T18:03:19.810Z daemon INFO time="2026-02-06T18:03:19Z" level=info msg="Loading package esp32 from: /home/shrek/.arduino15/packages/esp32/hardware"
2026-02-06 18:03:19 2026-02-06T18:03:19.820Z daemon INFO time="2026-02-06T18:03:19Z" level=info msg="Missing signature file" index=/home/shrek/.arduino15/packages/esp32/hardware/esp32/3.3.6/installed.json
2026-02-06 18:03:19 2026-02-06T18:03:19.910Z daemon INFO time="2026-02-06T18:03:19Z" level=info msg="Adding monitor tool" protocol=serial tool="builtin:serial-monitor"
time="2026-02-06T18:03:19Z" level=info msg="Loaded platform" platform="esp32:esp32@3.3.6"
time="2026-02-06T18:03:19Z" level=info msg="Checking existence of 'tools' path: /home/shrek/.arduino15/packages/esp32/tools"
time="2026-02-06T18:03:19Z" level=info msg="Loading tools from dir: /home/shrek/.arduino15/packages/esp32/tools"
time="2026-02-06T18:03:19Z" level=info msg="Loaded tool" tool="esp32:esp-rv32@2511"
time="2026-02-06T18:03:19Z" level=info msg="Loaded tool" tool="esp32:esp-x32@2511"
time="2026-02-06T18:03:19Z" level=info msg="Loaded tool" tool="esp32:esp32-libs@3.3.6"
time="2026-02-06T18:03:19Z" level=info msg="Loaded tool" tool="esp32:esp32c3-libs@3.3.6"
time="2026-02-06T18:03:19Z" level=info msg="Loaded tool" tool="esp32:esp32c5-libs@3.3.6"
time="2026-02-06T18:03:19Z" level=info msg="Loaded tool" tool="esp32:esp32c6-libs@3.3.6"
time="2026-02-06T18:03:19Z" level=info msg="Loaded tool" tool="esp32:esp32h2-libs@3.3.6"
time="2026-02-06T18:03:19Z" level=info msg="Loaded tool" tool="esp32:esp32p4-libs@3.3.6"
time="2026-02-06T18:03:19Z" level=info msg="Loaded tool" tool="esp32:esp32p4_es-libs@3.3.6"
time="2026-02-06T18:03:19Z" level=info msg="Loaded tool" tool="esp32:esp32s2-libs@3.3.6"
time="2026-02-06T18:03:19Z" level=info msg="Loaded tool" tool="esp32:esp32s3-libs@3.3.6"
2026-02-06 18:03:19 2026-02-06T18:03:19.910Z daemon INFO time="2026-02-06T18:03:19Z" level=info msg="Loaded tool" tool="esp32:esptool_py@5.1.0"
2026-02-06 18:03:19 2026-02-06T18:03:19.911Z daemon INFO time="2026-02-06T18:03:19Z" level=info msg="Loaded tool" tool="esp32:mklittlefs@4.0.2-db0513a"
time="2026-02-06T18:03:19Z" level=info msg="Loaded tool" tool="esp32:mkspiffs@0.2.3"
time="2026-02-06T18:03:19Z" level=info msg="Loaded tool" tool="esp32:openocd-esp32@v0.12.0-esp32-20251215"
time="2026-02-06T18:03:19Z" level=info msg="Loaded tool" tool="esp32:riscv32-esp-elf-gdb@16.3_20250913"
time="2026-02-06T18:03:19Z" level=info msg="Loaded tool" tool="esp32:xtensa-esp-elf-gdb@16.3_20250913"
2026-02-06 18:03:19 2026-02-06T18:03:19.914Z daemon INFO time="2026-02-06T18:03:19Z" level=info msg="Adding libraries dir" dir=/home/shrek/.arduino15/packages/esp32/hardware/esp32/3.3.6/libraries isSingleLibrary=false location=platform
2026-02-06 18:03:19 2026-02-06T18:03:19.915Z daemon INFO time="2026-02-06T18:03:19Z" level=info msg="Adding libraries dir" dir=/home/shrek/.arduino15/packages/arduino/hardware/avr/1.8.7/libraries isSingleLibrary=false location=platform
time="2026-02-06T18:03:19Z" level=info msg="Loading libraries index file" index=/home/shrek/.arduino15/library_index.json
2026-02-06 18:03:20 2026-02-06T18:03:20.076Z root INFO Deploy plugins list: 410.4 ms [Finished 0.791 s after backend start]
2026-02-06 18:03:20 2026-02-06T18:03:20.100Z daemon INFO time="2026-02-06T18:03:20Z" level=info msg="Adding libraries dir" dir=/home/shrek/.arduino15/libraries isSingleLibrary=false location=ide
time="2026-02-06T18:03:20Z" level=info msg="Adding libraries dir" dir=/home/shrek/Arduino/libraries isSingleLibrary=false location=user
2026-02-06 18:03:20 2026-02-06T18:03:20.174Z root INFO creating connection for 1
2026-02-06 18:03:20 2026-02-06T18:03:20.207Z discovery-log INFO start resolved watching
2026-02-06 18:03:20 2026-02-06T18:03:20.223Z discovery-log INFO {"eventType":"add","port":{"matchingBoardsList":[],"port":{"address":"/dev/ttyS0","label":"/dev/ttyS0","protocol":"serial","protocolLabel":"Serial Port","propertiesMap":[],"hardwareId":""}},"error":""}
2026-02-06 18:03:20 2026-02-06T18:03:20.824Z root WARN A command editor.action.toggleStickyScroll is already registered.
2026-02-06 18:03:20 2026-02-06T18:03:20.835Z sketches-service WARN Warning! The request sketch path was different than the response sketch path from the CLI. This could be a potential bug. Request: </home/shrek/Arduino/AndroidCnct/test1/test1.ino>, response: </home/shrek/Arduino/AndroidCnct/test1>.
2026-02-06 18:03:20 Opening channel for service path '/services/electron-window'.
2026-02-06 18:03:20 Opening channel for service path '/services/ide-updater'.
2026-02-06 18:03:20 2026-02-06T18:03:20.883Z root INFO Start frontend contributions: 161.3 ms [Finished 1.202 s after frontend start]
2026-02-06 18:03:20 2026-02-06T18:03:20.883Z root INFO Changed application state from 'init' to 'started_contributions'.
2026-02-06 18:03:20 2026-02-06T18:03:20.890Z root INFO Changed application state from 'started_contributions' to 'attached_shell'.
2026-02-06 18:03:20 2026-02-06T18:03:20.890Z root INFO >>> Restoring the layout state...
2026-02-06 18:03:20 2026-02-06T18:03:20.914Z root INFO [ae65f6e4-0897-4b95-b647-41591eefad19] Waiting for backend deployment: 34.6 ms [Finished 1.234 s after frontend start]
2026-02-06 18:03:21 2026-02-06T18:03:21.204Z root INFO [hosted-plugin: 1639] PLUGIN_HOST(1639) starting instance
[Object: null prototype] {}
2026-02-06 18:03:21 isTempSketch: false. Input was /home/shrek/Arduino/AndroidCnct/test1
2026-02-06 18:03:21 Marking workspace as a closed sketch. Workspace URI: file:///home/shrek/Arduino/AndroidCnct/test1. Date: 1770401001317.
2026-02-06 18:03:21 2026-02-06T18:03:21.531Z root INFO [ae65f6e4-0897-4b95-b647-41591eefad19] Sync of 23 plugins: 624.0 ms [Finished 1.858 s after frontend start]
2026-02-06 18:03:21 Closing channel on service path '/services/electron-window'.
2026-02-06 18:03:21 Closing channel on service path '/services/ide-updater'.
2026-02-06 18:03:21 Storing the sketch as a workspace root: </home/shrek/Arduino/AndroidCnct/test1>.
2026-02-06 18:03:21 Stored workspaces roots: /home/shrek/Arduino/AndroidCnct/test1
2026-02-06 18:03:21 No sketches were scheduled for deletion.
2026-02-06 18:03:21 2026-02-06T18:03:21.544Z root INFO ------- SERIALIZED LAYOUT DATA -------
2026-02-06 18:03:21 2026-02-06T18:03:21.544Z root INFO {"version":5,"mainPanel":{"main":{"type":"tab-area","widgets":[{"constructionOptions":{"factoryId":"code-editor-opener","options":{"counter":0,"kind":"navigatable","uri":"file:///home/shrek/Arduino/AndroidCnct/test1/test1.ino"}},"innerWidgetState":"{\"cursorState\":[{\"inSelectionMode\":false,\"selectionStart\":{\"lineNumber\":56,\"column\":1},\"position\":{\"lineNumber\":56,\"column\":1}}],\"viewState\":{\"scrollLeft\":0,\"firstPosition\":{\"lineNumber\":25,\"column\":1},\"firstPositionDeltaTop\":-15},\"contributionsState\":{\"editor.contrib.folding\":{\"lineCount\":80,\"provider\":\"indent\",\"foldedImports\":false},\"editor.contrib.wordHighlighter\":false}}"}],"currentIndex":0}},"mainPanelPinned":[false],"bottomPanel":{"config":{"main":{"type":"tab-area","widgets":[{"constructionOptions":{"factoryId":"outputView"},"innerWidgetState":"{\"locked\":false}"}],"currentIndex":0}},"pinned":[false],"size":514,"expanded":true},"leftPanel":{"type":"sidepanel","items":[{"widget":{"constructionOptions":{"factoryId":"arduino-sketchbook-widget"}},"rank":1,"expanded":false,"pinned":false},{"widget":{"constructionOptions":{"factoryId":"boards-list-widget"}},"rank":2,"expanded":false,"pinned":false},{"widget":{"constructionOptions":{"factoryId":"library-list-widget"}},"rank":3,"expanded":true,"pinned":false},{"widget":{"constructionOptions":{"factoryId":"debug"},"innerWidgetState":"{\"parts\":[{\"partId\":\"debug:threads:-1\",\"collapsed\":false,\"hidden\":false,\"relativeSize\":1.384,\"originalContainerId\":\"debug:view-container:-1\",\"originalContainerTitle\":{\"label\":\"debug\",\"iconClass\":\"codicon codicon-debug-alt\",\"closeable\":true},\"widget\":{\"constructionOptions\":{\"factoryId\":\"debug:threads\"},\"innerWidgetState\":\"{}\"}},{\"partId\":\"debug:frames:-1\",\"collapsed\":false,\"hidden\":false,\"relativeSize\":1.384,\"originalContainerId\":\"debug:view-container:-1\",\"originalContainerTitle\":{\"label\":\"debug\",\"iconClass\":\"codicon codicon-debug-alt\",\"closeable\":true},\"widget\":{\"constructionOptions\":{\"factoryId\":\"debug:frames\"},\"innerWidgetState\":\"{}\"}},{\"partId\":\"debug:variables:-1\",\"collapsed\":false,\"hidden\":false,\"relativeSize\":1.384,\"originalContainerId\":\"debug:view-container:-1\",\"originalContainerTitle\":{\"label\":\"debug\",\"iconClass\":\"codicon codicon-debug-alt\",\"closeable\":true},\"widget\":{\"constructionOptions\":{\"factoryId\":\"debug:variables\"},\"innerWidgetState\":\"{}\"}},{\"partId\":\"debug:watch:-1\",\"collapsed\":false,\"hidden\":false,\"relativeSize\":1.384,\"originalContainerId\":\"debug:view-container:-1\",\"originalContainerTitle\":{\"label\":\"debug\",\"iconClass\":\"codicon codicon-debug-alt\",\"closeable\":true},\"widget\":{\"constructionOptions\":{\"factoryId\":\"debug:watch\"},\"innerWidgetState\":\"{}\"}},{\"partId\":\"debug:breakpoints:-1\",\"collapsed\":false,\"hidden\":false,\"relativeSize\":1.384,\"originalContainerId\":\"debug:view-container:-1\",\"originalContainerTitle\":{\"label\":\"debug\",\"iconClass\":\"codicon codicon-debug-alt\",\"closeable\":true},\"widget\":{\"constructionOptions\":{\"factoryId\":\"debug:breakpoints\"},\"innerWidgetState\":\"{}\"}},{\"partId\":\"plugin-view:cortex-debug.peripherals\",\"collapsed\":true,\"hidden\":true,\"originalContainerId\":\"debug:view-container:-1\",\"originalContainerTitle\":{\"label\":\"debug\",\"iconClass\":\"codicon codicon-debug-alt\",\"closeable\":true},\"widget\":{\"constructionOptions\":{\"factoryId\":\"plugin-view\",\"options\":{\"id\":\"plugin-view:cortex-debug.peripherals\",\"viewId\":\"cortex-debug.peripherals\"}},\"innerWidgetState\":\"{\\\"label\\\":\\\"Cortex Peripherals\\\",\\\"widgets\\\":[],\\\"suppressUpdateViewVisibility\\\":false,\\\"currentViewContainerId\\\":\\\"debug\\\"}\"}},{\"partId\":\"plugin-view:cortex-debug.registers\",\"collapsed\":true,\"hidden\":true,\"originalContainerId\":\"debug:view-container:-1\",\"originalContainerTitle\":{\"label\":\"debug\",\"iconClass\":\"codicon codicon-debug-alt\",\"closeable\":true},\"widget\":{\"constructionOptions\":{\"factoryId\":\"plugin-view\",\"options\":{\"id\":\"plugin-view:cortex-debug.registers\",\"viewId\":\"cortex-debug.registers\"}},\"innerWidgetState\":\"{\\\"label\\\":\\\"Cortex Registers\\\",\\\"widgets\\\":[],\\\"suppressUpdateViewVisibility\\\":false,\\\"currentViewContainerId\\\":\\\"debug\\\"}\"}}],\"title\":{\"label\":\"debug\",\"iconClass\":\"codicon codicon-debug-alt\",\"closeable\":true}}"},"rank":4,"expanded":false,"pinned":false},{"widget":{"constructionOptions":{"factoryId":"search-view-container"},"innerWidgetState":"{\"parts\":[{\"partId\":\"search-in-workspace\",\"collapsed\":false,\"hidden\":false,\"originalContainerId\":\"search-view-container\",\"originalContainerTitle\":{\"label\":\"Search\",\"iconClass\":\"codicon codicon-search\",\"closeable\":true},\"widget\":{\"constructionOptions\":{\"factoryId\":\"search-in-workspace\"},\"innerWidgetState\":\"{\\\"matchCaseState\\\":{\\\"className\\\":\\\"codicon codicon-case-sensitive\\\",\\\"enabled\\\":false,\\\"title\\\":\\\"Match Case\\\"},\\\"wholeWordState\\\":{\\\"className\\\":\\\"codicon codicon-whole-word\\\",\\\"enabled\\\":false,\\\"title\\\":\\\"Match Whole Word\\\"},\\\"regExpState\\\":{\\\"className\\\":\\\"codicon codicon-regex\\\",\\\"enabled\\\":false,\\\"title\\\":\\\"Use Regular Expression\\\"},\\\"includeIgnoredState\\\":{\\\"className\\\":\\\"codicon codicon-eye\\\",\\\"enabled\\\":false,\\\"title\\\":\\\"Include Ignored Files\\\"},\\\"showSearchDetails\\\":false,\\\"searchInWorkspaceOptions\\\":{\\\"matchCase\\\":false,\\\"matchWholeWord\\\":false,\\\"useRegExp\\\":false,\\\"multiline\\\":false,\\\"includeIgnored\\\":false,\\\"include\\\":[],\\\"exclude\\\":[],\\\"maxResults\\\":2000},\\\"searchTerm\\\":\\\"\\\",\\\"replaceTerm\\\":\\\"\\\",\\\"showReplaceField\\\":false,\\\"searchHistoryState\\\":{\\\"history\\\":[],\\\"index\\\":0},\\\"replaceHistoryState\\\":{\\\"history\\\":[],\\\"index\\\":0},\\\"includeHistoryState\\\":{\\\"history\\\":[],\\\"index\\\":0},\\\"excludeHistoryState\\\":{\\\"history\\\":[],\\\"index\\\":0}}\"}}],\"title\":{\"label\":\"Search\",\"iconClass\":\"fa fa-arduino-search\",\"closeable\":true}}"},"rank":5,"expanded":false,"pinned":false}],"size":268},"rightPanel":{"type":"sidepanel","items":[]}}
2026-02-06 18:03:21 2026-02-06T18:03:21.544Z root INFO ------- END SERIALIZED LAYOUT DATA -------
