2025-11-28 22:26:49.364 [info] [main] Log level: Info
2025-11-28 22:26:49.364 [info] [main] Validating found git in: "git"
2025-11-28 22:26:49.364 [info] [main] Using git "2.52.0" from "git"
2025-11-28 22:26:49.364 [info] [Model][doInitialScan] Initial repository scan started
2025-11-28 22:26:49.364 [info] > git rev-parse --show-toplevel [2ms]
2025-11-28 22:26:49.364 [info] fatal: not a git repository (or any parent up to mount point /)
Stopping at filesystem boundary (GIT_DISCOVERY_ACROSS_FILESYSTEM not set).
2025-11-28 22:26:49.364 [info] > git rev-parse --show-toplevel [1ms]
2025-11-28 22:26:49.364 [info] fatal: not a git repository (or any parent up to mount point /)
Stopping at filesystem boundary (GIT_DISCOVERY_ACROSS_FILESYSTEM not set).
2025-11-28 22:26:49.364 [info] [Model][doInitialScan] Initial repository scan completed - repositories (0), closed repositories (0), parent repositories (0), unsafe repositories (0)
2025-11-28 22:26:49.418 [info] > git rev-parse --show-toplevel [1ms]
2025-11-28 22:26:49.418 [info] fatal: not a git repository (or any parent up to mount point /)
Stopping at filesystem boundary (GIT_DISCOVERY_ACROSS_FILESYSTEM not set).
2025-11-28 22:26:51.239 [info] > git rev-parse --show-toplevel [1ms]
2025-11-28 22:26:51.239 [info] fatal: not a git repository (or any parent up to mount point /)
Stopping at filesystem boundary (GIT_DISCOVERY_ACROSS_FILESYSTEM not set).
2025-11-28 22:27:33.606 [info] > git rev-parse --show-toplevel [1ms]
2025-11-28 22:27:33.606 [info] fatal: not a git repository (or any parent up to mount point /)
Stopping at filesystem boundary (GIT_DISCOVERY_ACROSS_FILESYSTEM not set).
2025-11-28 22:29:49.762 [info] > git rev-parse --show-toplevel [1ms]
2025-11-28 22:29:49.762 [info] fatal: not a git repository (or any parent up to mount point /)
Stopping at filesystem boundary (GIT_DISCOVERY_ACROSS_FILESYSTEM not set).
2025-11-28 22:34:24.340 [info] > git rev-parse --show-toplevel [1ms]
2025-11-28 22:34:24.340 [info] fatal: not a git repository (or any parent up to mount point /)
Stopping at filesystem boundary (GIT_DISCOVERY_ACROSS_FILESYSTEM not set).
2025-11-28 22:38:19.318 [info] > git rev-parse --show-toplevel [1ms]
2025-11-28 22:38:19.318 [info] fatal: not a git repository (or any parent up to mount point /)
Stopping at filesystem boundary (GIT_DISCOVERY_ACROSS_FILESYSTEM not set).
2025-11-28 23:00:19.522 [info] > git rev-parse --show-toplevel [1ms]
2025-11-28 23:00:19.522 [info] fatal: not a git repository (or any parent up to mount point /)
Stopping at filesystem boundary (GIT_DISCOVERY_ACROSS_FILESYSTEM not set).
2025-11-28 23:00:25.035 [info] > git rev-parse --show-toplevel [1ms]
2025-11-28 23:00:25.035 [info] fatal: not a git repository (or any parent up to mount point /)
Stopping at filesystem boundary (GIT_DISCOVERY_ACROSS_FILESYSTEM not set).
2025-11-28 23:00:28.423 [info] > git rev-parse --show-toplevel [1ms]
2025-11-28 23:00:28.423 [info] fatal: not a git repository (or any parent up to mount point /)
Stopping at filesystem boundary (GIT_DISCOVERY_ACROSS_FILESYSTEM not set).
2025-11-28 23:13:42.859 [info] > git rev-parse --show-toplevel [1ms]
2025-11-28 23:13:42.859 [info] fatal: not a git repository (or any parent up to mount point /)
Stopping at filesystem boundary (GIT_DISCOVERY_ACROSS_FILESYSTEM not set).
