2025-11-28 22:26:21.964 [info] Extension host with pid 1459 started
2025-11-28 22:26:21.964 [info] Skipping acquiring lock for /home/shrek/.config/Code - OSS/User/workspaceStorage/94f332948bdacffab5ae317842bd78d1.
2025-11-28 22:26:22.062 [info] ExtensionService#_doActivateExtension vscode.github-authentication, startup: false, activationEvent: 'onAuthenticationRequest:github'
2025-11-28 22:26:22.085 [info] ExtensionService#_doActivateExtension vscode.emmet, startup: false, activationEvent: 'onLanguage'
2025-11-28 22:26:22.129 [info] ExtensionService#_doActivateExtension vscode.git-base, startup: true, activationEvent: '*', root cause: vscode.git
2025-11-28 22:26:22.138 [info] ExtensionService#_doActivateExtension vscode.git, startup: true, activationEvent: '*'
2025-11-28 22:26:22.178 [info] ExtensionService#_doActivateExtension vscode.github, startup: true, activationEvent: '*'
2025-11-28 22:26:22.238 [info] Eager extensions activated
2025-11-28 22:26:22.248 [info] Extension host with pid 1521 started
2025-11-28 22:26:22.248 [info] Skipping acquiring lock for /home/shrek/.config/Code - OSS/User/workspaceStorage/94f332948bdacffab5ae317842bd78d1.
2025-11-28 22:26:22.254 [info] ExtensionService#_doActivateExtension vscode.debug-auto-launch, startup: false, activationEvent: 'onStartupFinished'
2025-11-28 22:26:22.256 [info] ExtensionService#_doActivateExtension vscode.merge-conflict, startup: false, activationEvent: 'onStartupFinished'
2025-11-28 22:26:22.263 [info] Eager extensions activated
2025-11-28 22:26:22.264 [info] ExtensionService#_doActivateExtension asvetliakov.vscode-neovim, startup: false, activationEvent: 'onStartupFinished'
2025-11-28 22:26:44.581 [info] Extension host terminating: renderer closed the MessagePort
2025-11-28 22:26:44.585 [warning] ExtHostTextEditorOptions 'setCursorStyle' failed:'
2025-11-28 22:26:44.587 [info] Extension host terminating: renderer closed the MessagePort
2025-11-28 22:26:44.588 [warning] Canceled
2025-11-28 22:26:44.589 [info] Extension host with pid 1521 exiting with code 0
2025-11-28 22:26:44.591 [info] Extension host with pid 1459 exiting with code 0
