--No lines in buffer--
1: /home/shrek/Programming/Practice/practice.py
2: /home/shrek/nvim/motions
3: /home/shrek/Programming/Practice/guessinggame.py
4: /home/shrek/.config/environment.d/01-cursor.conf
5: /home/shrek/.Xresources
6: /home/shrek/.config/hypr/hyprland.conf
7: /home/shrek/.config/hyprland/hypr
8: /home/shrek/.config/waybar/style.css
9: /home/shrek/.config/waybar
10: /home/shrek/.config/mako/config
11: /home/shrek/.config/hypr/bemenu-gruvbox.sh
12: /home/shrek/.config/qutebrowser/config.py
13: /home/shrek/qutebrowser/config.py
14: /home/shrek/.config/qutebrowser/gruvbox.py
15: /home/shrek/temp/GhostByterBot/start.sh
16: /home/shrek/temp/GhostByterBot/requirements.txt
17: /home/shrek/temp/GhostByterBot/bot.py
18: /home/shrek/Downloads
19: /home/shrek/.config/kitty/kitty.conf
20: /home/shrek/kitty.conf
21: /home/shrek/.config/qutebrowser
22: /home/shrek/.config/qutebrowser/autoconfig.yml
23: /home/shrek/.config/fuzzel/fuzzel.ini
24: /home/shrek/.config/waybar/config
25: /home/shrek/.config/tofi/config.toml
26: /home/shrek/.config/fuzzel/config
27: /home/shrek/.bot/bot.py
28: /home/shrek/bot/bot.py
29: /home/shrek/test.py
30: /home/shrek/test_x.py
31: /home/shrek/test_discord.py
32: /home/shrek/.config/hyprpaper/hyprpaper.conf
33: /home/shrek/.config/mako/confi
34: /home/shrek/.config/rofi/config.rasi
35: /home/shrek/.config/bemenu/config
36: /home/shrek/.config/wofi/config
37: /home/shrek/.local/share/applications/spotify.desktop
38: /home/shrek/.local/share/applications/qutebrowser.desktop
39: /home/shrek/.config/tofi/config
40: /usr/share/nvim/runtime/doc/help.txt
41: /home/shrek/.config/kitty/config
42: /home/shrek/.icons/default/index.theme
43: /home/shrek/.config/spicetify/config-xpui.ini
44: /home/shrek/n
--No lines in buffer--
--No lines in buffer--
