2025-11-29 09:25:18.583 [info] [main] Log level: Info
2025-11-29 09:25:18.583 [info] [main] Validating found git in: "git"
2025-11-29 09:25:18.583 [info] [main] Using git "2.52.0" from "git"
2025-11-29 09:25:18.583 [info] [Model][doInitialScan] Initial repository scan started
2025-11-29 09:25:18.591 [info] > git rev-parse --show-toplevel [8ms]
2025-11-29 09:25:18.591 [info] fatal: not a git repository (or any parent up to mount point /)
Stopping at filesystem boundary (GIT_DISCOVERY_ACROSS_FILESYSTEM not set).
2025-11-29 09:25:18.597 [info] > git rev-parse --show-toplevel [1ms]
2025-11-29 09:25:18.597 [info] fatal: not a git repository (or any parent up to mount point /)
Stopping at filesystem boundary (GIT_DISCOVERY_ACROSS_FILESYSTEM not set).
2025-11-29 09:25:18.602 [info] > git rev-parse --show-toplevel [1ms]
2025-11-29 09:25:18.602 [info] fatal: not a git repository (or any parent up to mount point /)
Stopping at filesystem boundary (GIT_DISCOVERY_ACROSS_FILESYSTEM not set).
2025-11-29 09:25:18.603 [info] [Model][doInitialScan] Initial repository scan completed - repositories (0), closed repositories (0), parent repositories (0), unsafe repositories (0)
2025-11-29 09:25:18.610 [info] > git rev-parse --show-toplevel [2ms]
2025-11-29 09:25:18.610 [info] fatal: not a git repository (or any parent up to mount point /)
Stopping at filesystem boundary (GIT_DISCOVERY_ACROSS_FILESYSTEM not set).
2025-11-29 09:25:18.835 [info] > git rev-parse --show-toplevel [1ms]
2025-11-29 09:25:18.835 [info] fatal: not a git repository (or any parent up to mount point /)
Stopping at filesystem boundary (GIT_DISCOVERY_ACROSS_FILESYSTEM not set).
2025-11-29 09:25:20.292 [info] > git rev-parse --show-toplevel [1ms]
2025-11-29 09:25:20.292 [info] fatal: not a git repository (or any parent up to mount point /)
Stopping at filesystem boundary (GIT_DISCOVERY_ACROSS_FILESYSTEM not set).
2025-11-29 09:26:10.080 [info] > git rev-parse --show-toplevel [0ms]
2025-11-29 09:26:10.080 [info] fatal: not a git repository (or any parent up to mount point /)
Stopping at filesystem boundary (GIT_DISCOVERY_ACROSS_FILESYSTEM not set).
2025-11-29 09:26:35.057 [info] > git rev-parse --show-toplevel [1ms]
2025-11-29 09:26:35.057 [info] fatal: not a git repository (or any parent up to mount point /)
Stopping at filesystem boundary (GIT_DISCOVERY_ACROSS_FILESYSTEM not set).
2025-11-29 09:26:39.018 [info] > git rev-parse --show-toplevel [1ms]
2025-11-29 09:26:39.018 [info] fatal: not a git repository (or any parent up to mount point /)
Stopping at filesystem boundary (GIT_DISCOVERY_ACROSS_FILESYSTEM not set).
2025-11-29 09:27:26.268 [info] > git rev-parse --show-toplevel [1ms]
2025-11-29 09:27:26.268 [info] fatal: not a git repository (or any parent up to mount point /)
Stopping at filesystem boundary (GIT_DISCOVERY_ACROSS_FILESYSTEM not set).
