2025-11-23 11:10:17.648 [info] Extension host with pid 1785 started
2025-11-23 11:10:17.649 [info] Skipping acquiring lock for /home/shrek/.config/Code - OSS/User/workspaceStorage/94f332948bdacffab5ae317842bd78d1.
2025-11-23 11:10:17.684 [info] ExtensionService#_doActivateExtension vscode.github-authentication, startup: false, activationEvent: 'onAuthenticationRequest:github'
2025-11-23 11:10:17.706 [info] ExtensionService#_doActivateExtension vscode.emmet, startup: false, activationEvent: 'onLanguage'
2025-11-23 11:10:17.744 [info] ExtensionService#_doActivateExtension vscode.git-base, startup: true, activationEvent: '*', root cause: vscode.git
2025-11-23 11:10:17.751 [info] ExtensionService#_doActivateExtension vscode.git, startup: true, activationEvent: '*'
2025-11-23 11:10:17.793 [info] ExtensionService#_doActivateExtension vscode.github, startup: true, activationEvent: '*'
2025-11-23 11:10:17.873 [info] Eager extensions activated
2025-11-23 11:10:17.874 [info] ExtensionService#_doActivateExtension vscode.debug-auto-launch, startup: false, activationEvent: 'onStartupFinished'
2025-11-23 11:10:17.876 [info] ExtensionService#_doActivateExtension vscode.merge-conflict, startup: false, activationEvent: 'onStartupFinished'
2025-11-23 11:10:17.888 [info] Extension host with pid 1846 started
2025-11-23 11:10:17.888 [info] Skipping acquiring lock for /home/shrek/.config/Code - OSS/User/workspaceStorage/94f332948bdacffab5ae317842bd78d1.
2025-11-23 11:10:17.917 [info] Eager extensions activated
2025-11-23 11:10:17.925 [info] ExtensionService#_doActivateExtension asvetliakov.vscode-neovim, startup: false, activationEvent: 'onStartupFinished'
2025-11-23 12:12:30.170 [info] ExtensionService#_doActivateExtension vscode.configuration-editing, startup: false, activationEvent: 'onLanguage:jsonc'
2025-11-23 12:12:30.176 [info] ExtensionService#_doActivateExtension vscode.json-language-features, startup: false, activationEvent: 'onLanguage:jsonc'
2025-11-23 12:12:30.221 [info] ExtensionService#_doActivateExtension vscode.typescript-language-features, startup: false, activationEvent: 'onLanguage:jsonc'
2025-11-23 12:15:51.315 [info] Extension host terminating: renderer closed the MessagePort
2025-11-23 12:15:51.319 [warning] ExtHostTextEditorOptions 'setCursorStyle' failed:'
2025-11-23 12:15:51.320 [info] Extension host terminating: renderer closed the MessagePort
2025-11-23 12:15:51.321 [warning] Canceled
2025-11-23 12:15:51.322 [info] Extension host with pid 1846 exiting with code 0
2025-11-23 12:15:51.328 [info] Extension host with pid 1785 exiting with code 0
