2025-11-25 18:49:16.161 [info] MainController: Starting nvim: /usr/sbin/nvim -N --embed --cmd source /home/shrek/.vscode-oss/extensions/asvetliakov.vscode-neovim-1.18.24-universal/runtime/vscode-neovim.vim
2025-11-25 18:49:16.195 [info] MainController: Nvim info: {
  nvimVersion: {
    api_prerelease: false,
    prerelease: false,
    api_compatible: 0,
    api_level: 13,
    build: 'v0.11.5',
    major: 0,
    minor: 11,
    patch: 5
  },
  logFile: '/home/shrek/.local/state/nvim/log',
  configDir: '/home/shrek/.config/nvim'
}
2025-11-25 19:26:14.523 [info] MessagesManager: '7 fewer lines\n'
2025-11-25 19:28:22.544 [info] MessagesManager: '7 more lines\n'
2025-11-25 19:28:22.920 [info] MessagesManager: '/font             \n'
2025-11-25 19:28:22.921 [info] MessagesManager: '/font             \nE486: Pattern not found: font\n'
2025-11-25 19:29:04.801 [info] MessagesManager: '/font             \n'
2025-11-25 19:29:04.801 [info] MessagesManager: '/font             \nE486: Pattern not found: font\n'
