2025-11-29 09:25:18.236 [info] Extension host with pid 1980 started
2025-11-29 09:25:18.236 [info] Skipping acquiring lock for /home/shrek/.config/Code - OSS/User/workspaceStorage/94f332948bdacffab5ae317842bd78d1.
2025-11-29 09:25:18.417 [info] ExtensionService#_doActivateExtension vscode.github-authentication, startup: false, activationEvent: 'onAuthenticationRequest:github'
2025-11-29 09:25:18.445 [info] ExtensionService#_doActivateExtension vscode.emmet, startup: false, activationEvent: 'onLanguage'
2025-11-29 09:25:18.489 [info] ExtensionService#_doActivateExtension vscode.git-base, startup: true, activationEvent: '*', root cause: vscode.git
2025-11-29 09:25:18.496 [info] ExtensionService#_doActivateExtension vscode.git, startup: true, activationEvent: '*'
2025-11-29 09:25:18.539 [info] ExtensionService#_doActivateExtension vscode.github, startup: true, activationEvent: '*'
2025-11-29 09:25:18.607 [info] Extension host with pid 2068 started
2025-11-29 09:25:18.607 [info] Skipping acquiring lock for /home/shrek/.config/Code - OSS/User/workspaceStorage/94f332948bdacffab5ae317842bd78d1.
2025-11-29 09:25:18.613 [info] Eager extensions activated
2025-11-29 09:25:18.627 [info] Eager extensions activated
2025-11-29 09:25:18.629 [info] ExtensionService#_doActivateExtension asvetliakov.vscode-neovim, startup: false, activationEvent: 'onStartupFinished'
2025-11-29 09:25:18.635 [info] ExtensionService#_doActivateExtension vscode.debug-auto-launch, startup: false, activationEvent: 'onStartupFinished'
2025-11-29 09:25:18.637 [info] ExtensionService#_doActivateExtension vscode.merge-conflict, startup: false, activationEvent: 'onStartupFinished'
2025-11-29 09:32:20.564 [info] Extension host terminating: renderer closed the MessagePort
2025-11-29 09:32:20.568 [warning] ExtHostTextEditorOptions 'setCursorStyle' failed:'
2025-11-29 09:32:20.570 [warning] Canceled
2025-11-29 09:32:20.570 [info] Extension host terminating: renderer closed the MessagePort
2025-11-29 09:32:20.571 [info] Extension host with pid 2068 exiting with code 0
2025-11-29 09:32:20.574 [info] Extension host with pid 1980 exiting with code 0
