2025-11-23 11:10:17.867 [info] [main] Log level: Info
2025-11-23 11:10:17.867 [info] [main] Validating found git in: "git"
2025-11-23 11:10:17.867 [info] [main] Using git "2.52.0" from "git"
2025-11-23 11:10:17.867 [info] [Model][doInitialScan] Initial repository scan started
2025-11-23 11:10:17.867 [info] > git rev-parse --show-toplevel [8ms]
2025-11-23 11:10:17.867 [info] fatal: not a git repository (or any parent up to mount point /)
Stopping at filesystem boundary (GIT_DISCOVERY_ACROSS_FILESYSTEM not set).
2025-11-23 11:10:17.867 [info] > git rev-parse --show-toplevel [1ms]
2025-11-23 11:10:17.867 [info] fatal: not a git repository (or any parent up to mount point /)
Stopping at filesystem boundary (GIT_DISCOVERY_ACROSS_FILESYSTEM not set).
2025-11-23 11:10:17.867 [info] [Model][doInitialScan] Initial repository scan completed - repositories (0), closed repositories (0), parent repositories (0), unsafe repositories (0)
2025-11-23 11:10:17.867 [info] > git rev-parse --show-toplevel [0ms]
2025-11-23 11:10:17.867 [info] fatal: not a git repository (or any parent up to mount point /)
Stopping at filesystem boundary (GIT_DISCOVERY_ACROSS_FILESYSTEM not set).
2025-11-23 11:10:17.953 [info] > git rev-parse --show-toplevel [0ms]
2025-11-23 11:10:17.953 [info] fatal: not a git repository (or any parent up to mount point /)
Stopping at filesystem boundary (GIT_DISCOVERY_ACROSS_FILESYSTEM not set).
2025-11-23 11:10:19.700 [info] > git rev-parse --show-toplevel [1ms]
2025-11-23 11:10:19.700 [info] fatal: not a git repository (or any parent up to mount point /)
Stopping at filesystem boundary (GIT_DISCOVERY_ACROSS_FILESYSTEM not set).
2025-11-23 11:54:12.419 [info] > git rev-parse --show-toplevel [1ms]
2025-11-23 11:54:12.419 [info] fatal: not a git repository (or any parent up to mount point /)
Stopping at filesystem boundary (GIT_DISCOVERY_ACROSS_FILESYSTEM not set).
2025-11-23 12:12:30.285 [info] > git rev-parse --show-toplevel [4ms]
2025-11-23 12:12:30.285 [info] fatal: not a git repository (or any parent up to mount point /)
Stopping at filesystem boundary (GIT_DISCOVERY_ACROSS_FILESYSTEM not set).
2025-11-23 12:12:49.141 [info] > git rev-parse --show-toplevel [1ms]
2025-11-23 12:12:49.141 [info] fatal: not a git repository (or any parent up to mount point /)
Stopping at filesystem boundary (GIT_DISCOVERY_ACROSS_FILESYSTEM not set).
2025-11-23 12:12:49.715 [info] > git rev-parse --show-toplevel [1ms]
2025-11-23 12:12:49.715 [info] fatal: not a git repository (or any parent up to mount point /)
Stopping at filesystem boundary (GIT_DISCOVERY_ACROSS_FILESYSTEM not set).
2025-11-23 12:12:51.956 [info] > git rev-parse --show-toplevel [0ms]
2025-11-23 12:12:51.956 [info] fatal: not a git repository (or any parent up to mount point /)
Stopping at filesystem boundary (GIT_DISCOVERY_ACROSS_FILESYSTEM not set).
2025-11-23 12:12:51.960 [info] > git rev-parse --show-toplevel [1ms]
2025-11-23 12:12:51.960 [info] fatal: not a git repository (or any parent up to mount point /)
Stopping at filesystem boundary (GIT_DISCOVERY_ACROSS_FILESYSTEM not set).
2025-11-23 12:12:53.785 [info] > git rev-parse --show-toplevel [1ms]
2025-11-23 12:12:53.785 [info] fatal: not a git repository (or any parent up to mount point /)
Stopping at filesystem boundary (GIT_DISCOVERY_ACROSS_FILESYSTEM not set).
2025-11-23 12:12:53.789 [info] > git rev-parse --show-toplevel [1ms]
2025-11-23 12:12:53.789 [info] fatal: not a git repository (or any parent up to mount point /)
Stopping at filesystem boundary (GIT_DISCOVERY_ACROSS_FILESYSTEM not set).
2025-11-23 12:12:53.792 [info] > git rev-parse --show-toplevel [0ms]
2025-11-23 12:12:53.792 [info] fatal: not a git repository (or any parent up to mount point /)
Stopping at filesystem boundary (GIT_DISCOVERY_ACROSS_FILESYSTEM not set).
2025-11-23 12:12:57.590 [info] > git rev-parse --show-toplevel [1ms]
2025-11-23 12:12:57.590 [info] fatal: not a git repository (or any parent up to mount point /)
Stopping at filesystem boundary (GIT_DISCOVERY_ACROSS_FILESYSTEM not set).
2025-11-23 12:12:57.594 [info] > git rev-parse --show-toplevel [1ms]
2025-11-23 12:12:57.594 [info] fatal: not a git repository (or any parent up to mount point /)
Stopping at filesystem boundary (GIT_DISCOVERY_ACROSS_FILESYSTEM not set).
2025-11-23 12:12:59.129 [info] > git rev-parse --show-toplevel [0ms]
2025-11-23 12:12:59.129 [info] fatal: not a git repository (or any parent up to mount point /)
Stopping at filesystem boundary (GIT_DISCOVERY_ACROSS_FILESYSTEM not set).
