2025-11-25 17:49:25.770 [info] [main] Log level: Info
2025-11-25 17:49:25.770 [info] [main] Validating found git in: "git"
2025-11-25 17:49:25.770 [info] [main] Using git "2.52.0" from "git"
2025-11-25 17:49:25.770 [info] [Model][doInitialScan] Initial repository scan started
2025-11-25 17:49:25.770 [info] > git rev-parse --show-toplevel [3ms]
2025-11-25 17:49:25.770 [info] fatal: not a git repository (or any parent up to mount point /)
Stopping at filesystem boundary (GIT_DISCOVERY_ACROSS_FILESYSTEM not set).
2025-11-25 17:49:25.770 [info] > git rev-parse --show-toplevel [1ms]
2025-11-25 17:49:25.770 [info] fatal: not a git repository (or any parent up to mount point /)
Stopping at filesystem boundary (GIT_DISCOVERY_ACROSS_FILESYSTEM not set).
2025-11-25 17:49:25.770 [info] [Model][doInitialScan] Initial repository scan completed - repositories (0), closed repositories (0), parent repositories (0), unsafe repositories (0)
2025-11-25 17:49:25.812 [info] > git rev-parse --show-toplevel [1ms]
2025-11-25 17:49:25.812 [info] fatal: not a git repository (or any parent up to mount point /)
Stopping at filesystem boundary (GIT_DISCOVERY_ACROSS_FILESYSTEM not set).
2025-11-25 17:49:27.595 [info] > git rev-parse --show-toplevel [1ms]
2025-11-25 17:49:27.595 [info] fatal: not a git repository (or any parent up to mount point /)
Stopping at filesystem boundary (GIT_DISCOVERY_ACROSS_FILESYSTEM not set).
2025-11-25 17:57:01.569 [info] > git rev-parse --show-toplevel [1ms]
2025-11-25 17:57:01.569 [info] fatal: not a git repository (or any parent up to mount point /)
Stopping at filesystem boundary (GIT_DISCOVERY_ACROSS_FILESYSTEM not set).
2025-11-25 18:01:47.119 [info] > git rev-parse --show-toplevel [1ms]
2025-11-25 18:01:47.119 [info] fatal: not a git repository (or any parent up to mount point /)
Stopping at filesystem boundary (GIT_DISCOVERY_ACROSS_FILESYSTEM not set).
