2025-11-25 18:49:16.028 [info] [main] Log level: Info
2025-11-25 18:49:16.028 [info] [main] Validating found git in: "git"
2025-11-25 18:49:16.028 [info] [main] Using git "2.52.0" from "git"
2025-11-25 18:49:16.028 [info] [Model][doInitialScan] Initial repository scan started
2025-11-25 18:49:16.028 [info] > git rev-parse --show-toplevel [3ms]
2025-11-25 18:49:16.028 [info] fatal: not a git repository (or any parent up to mount point /)
Stopping at filesystem boundary (GIT_DISCOVERY_ACROSS_FILESYSTEM not set).
2025-11-25 18:49:16.028 [info] > git rev-parse --show-toplevel [1ms]
2025-11-25 18:49:16.028 [info] fatal: not a git repository (or any parent up to mount point /)
Stopping at filesystem boundary (GIT_DISCOVERY_ACROSS_FILESYSTEM not set).
2025-11-25 18:49:16.028 [info] [Model][doInitialScan] Initial repository scan completed - repositories (0), closed repositories (0), parent repositories (0), unsafe repositories (0)
2025-11-25 18:49:16.092 [info] > git rev-parse --show-toplevel [1ms]
2025-11-25 18:49:16.092 [info] fatal: not a git repository (or any parent up to mount point /)
Stopping at filesystem boundary (GIT_DISCOVERY_ACROSS_FILESYSTEM not set).
2025-11-25 18:49:17.807 [info] > git rev-parse --show-toplevel [1ms]
2025-11-25 18:49:17.807 [info] fatal: not a git repository (or any parent up to mount point /)
Stopping at filesystem boundary (GIT_DISCOVERY_ACROSS_FILESYSTEM not set).
2025-11-25 19:06:48.645 [info] > git rev-parse --show-toplevel [1ms]
2025-11-25 19:06:48.645 [info] fatal: not a git repository (or any parent up to mount point /)
Stopping at filesystem boundary (GIT_DISCOVERY_ACROSS_FILESYSTEM not set).
2025-11-25 19:06:58.295 [info] > git rev-parse --show-toplevel [0ms]
2025-11-25 19:06:58.295 [info] fatal: not a git repository (or any parent up to mount point /)
Stopping at filesystem boundary (GIT_DISCOVERY_ACROSS_FILESYSTEM not set).
2025-11-25 19:07:24.805 [info] > git rev-parse --show-toplevel [1ms]
2025-11-25 19:07:24.805 [info] fatal: not a git repository (or any parent up to mount point /)
Stopping at filesystem boundary (GIT_DISCOVERY_ACROSS_FILESYSTEM not set).
2025-11-25 19:07:26.680 [info] > git rev-parse --show-toplevel [1ms]
2025-11-25 19:07:26.680 [info] fatal: not a git repository (or any parent up to mount point /)
Stopping at filesystem boundary (GIT_DISCOVERY_ACROSS_FILESYSTEM not set).
