2025-11-29 19:38:09.048 [info] [main] Log level: Info
2025-11-29 19:38:09.048 [info] [main] Validating found git in: "git"
2025-11-29 19:38:09.048 [info] [main] Using git "2.52.0" from "git"
2025-11-29 19:38:09.048 [info] [Model][doInitialScan] Initial repository scan started
2025-11-29 19:38:09.051 [info] > git rev-parse --show-toplevel [3ms]
2025-11-29 19:38:09.051 [info] fatal: not a git repository (or any parent up to mount point /)
Stopping at filesystem boundary (GIT_DISCOVERY_ACROSS_FILESYSTEM not set).
2025-11-29 19:38:09.056 [info] > git rev-parse --show-toplevel [2ms]
2025-11-29 19:38:09.056 [info] fatal: not a git repository (or any parent up to mount point /)
Stopping at filesystem boundary (GIT_DISCOVERY_ACROSS_FILESYSTEM not set).
2025-11-29 19:38:09.060 [info] > git rev-parse --show-toplevel [1ms]
2025-11-29 19:38:09.060 [info] fatal: not a git repository (or any parent up to mount point /)
Stopping at filesystem boundary (GIT_DISCOVERY_ACROSS_FILESYSTEM not set).
2025-11-29 19:38:09.060 [info] [Model][doInitialScan] Initial repository scan completed - repositories (0), closed repositories (0), parent repositories (0), unsafe repositories (0)
2025-11-29 19:38:09.149 [info] > git rev-parse --show-toplevel [1ms]
2025-11-29 19:38:09.149 [info] fatal: not a git repository (or any parent up to mount point /)
Stopping at filesystem boundary (GIT_DISCOVERY_ACROSS_FILESYSTEM not set).
2025-11-29 19:38:10.943 [info] > git rev-parse --show-toplevel [1ms]
2025-11-29 19:38:10.943 [info] fatal: not a git repository (or any parent up to mount point /)
Stopping at filesystem boundary (GIT_DISCOVERY_ACROSS_FILESYSTEM not set).
